*****************************************************************
      SolidWorks Corporation - Compte-rendu d'état du Processeur IGES
*****************************************************************
=================================================================
Informations générales
=================================================================
Envoi de l'identification du produit système en cours  : Axe articulation.SLDPRT
Réception de l'identification du produit système en cours: Axe articulation.SLDPRT
Nom de fichier                    : F:\Travail\POLYTECH\Robotique\TP01\dossier étudiant\Axe articulation.IGS
Envoi du système en cours               : SolidWorks 2013
Version du préprocesseur         : SolidWorks 2013
Date de création du fichier           : 140702.122909
Date de création du modèle          : 140702.122909
Unités                        : MM
Echelle de l'espace modèle            : 1
Auteur                       : Lilian
Organisation                 : 


=================================================================
Informations sur le traitement des entités
=================================================================


=================================================================
Analyse de précision d'un fichier IGES:
=================================================================
  Nombre le plus répandu de chiffres significatifs:               1
  Nombre le plus grand de chiffres significatifs:                      4
  Nombre moyen de chiffres significatifs :                1.26531
  Distance maximale jusqu'à l'origine:                             1008
  Distance minimale jusqu'à l'origine:                                8
  Nombre effectif de chiffres significatifs:              3.99311


=================================================================
Récapitulatif des entités
=================================================================
-----------------------------------------------------------------
Nom de type                                         Nombre converti
---- ----                                         ----- ---------
100  Arc                                             16        16
110  Line                                            10        10
116  Point                                            2         2
120  Surface of revolution                            6         6
123  Direction                                        4         4
124  Transformation matrix                           12        12
186  Manifold Solid B-rep Object                      1         1
190  Plane surface entity                             2         2
314  Color definition                                 1         1
502  Vertex list                                      1         1
504  Edge entity                                      1         1
508  Loop entity                                      8         8
510  Face entity                                      8         8
514  Shell entity                                     1         1
_________________________________________________________________


=================================================================
Récapitulatif des résultats
=================================================================
Type de fonction SolidWorks                Nombre
-----------------------                -----
Fonction(s) volumique(s)                       1
Fonction(s) surfacique(s)                     0
Fonction(s) de courbe/d'esquisse                0
--------------------------------------------
Heure de début: mercredi, juillet 02, 2014 12:29:28
Heure de fin: mercredi, juillet 02, 2014 12:29:29
Durée de traitement: 0 days, 00 hours, 00 mins, 01 secs
