*****************************************************************
      SolidWorks Corporation - Compte-rendu d'état du Processeur IGES
*****************************************************************
=================================================================
Informations générales
=================================================================
Envoi de l'identification du produit système en cours  : couvercle côté mors.SLDPRT
Réception de l'identification du produit système en cours: couvercle côté mors.SLDPRT
Nom de fichier                    : F:\Travail\POLYTECH\Robotique\TP01\dossier étudiant\couvercle côté mors.IGS
Envoi du système en cours               : SolidWorks 2013
Version du préprocesseur         : SolidWorks 2013
Date de création du fichier           : 140701.132524
Date de création du modèle          : 140701.132524
Unités                        : MM
Echelle de l'espace modèle            : 1
Auteur                       : Lilian
Organisation                 : 


=================================================================
Informations sur le traitement des entités
=================================================================


=================================================================
Analyse de précision d'un fichier IGES:
=================================================================
  Nombre le plus répandu de chiffres significatifs:              10
  Nombre le plus grand de chiffres significatifs:                     11
  Nombre moyen de chiffres significatifs :                7.75947
  Distance maximale jusqu'à l'origine:                          1003.19
  Distance minimale jusqu'à l'origine:                                0
  Nombre effectif de chiffres significatifs:                   11


=================================================================
Récapitulatif des entités
=================================================================
-----------------------------------------------------------------
Nom de type                                         Nombre converti
---- ----                                         ----- ---------
100  Arc                                             42        42
110  Line                                            84        84
116  Point                                            2         2
120  Surface of revolution                           28        28
123  Direction                                        4         4
124  Transformation matrix                           14        14
186  Manifold Solid B-rep Object                      1         1
190  Plane surface entity                             2         2
314  Color definition                                 1         1
502  Vertex list                                      1         1
504  Edge entity                                      1         1
508  Loop entity                                     42        42
510  Face entity                                     30        30
514  Shell entity                                     1         1
_________________________________________________________________


=================================================================
Récapitulatif des résultats
=================================================================
Type de fonction SolidWorks                Nombre
-----------------------                -----
Fonction(s) volumique(s)                       1
Fonction(s) surfacique(s)                     0
Fonction(s) de courbe/d'esquisse                0
--------------------------------------------
Heure de début: mercredi, juillet 02, 2014 12:16:42
Heure de fin: mercredi, juillet 02, 2014 12:16:43
Durée de traitement: 0 days, 00 hours, 00 mins, 01 secs
