*****************************************************************
      SolidWorks Corporation - Compte-rendu d'état du Processeur IGES
*****************************************************************
=================================================================
Informations générales
=================================================================
Envoi de l'identification du produit système en cours  : fond.SLDPRT
Réception de l'identification du produit système en cours: fond.SLDPRT
Nom de fichier                    : F:\Travail\POLYTECH\Robotique\TP01\dossier étudiant\fond.IGS
Envoi du système en cours               : SolidWorks 2013
Version du préprocesseur         : SolidWorks 2013
Date de création du fichier           : 140701.132914
Date de création du modèle          : 140701.132914
Unités                        : MM
Echelle de l'espace modèle            : 1
Auteur                       : Lilian
Organisation                 : 


=================================================================
Informations sur le traitement des entités
=================================================================


=================================================================
Analyse de précision d'un fichier IGES:
=================================================================
  Nombre le plus répandu de chiffres significatifs:              11
  Nombre le plus grand de chiffres significatifs:                     11
  Nombre moyen de chiffres significatifs :                 7.0813
  Distance maximale jusqu'à l'origine:                          1010.99
  Distance minimale jusqu'à l'origine:                                0
  Nombre effectif de chiffres significatifs:                   11


=================================================================
Récapitulatif des entités
=================================================================
-----------------------------------------------------------------
Nom de type                                         Nombre converti
---- ----                                         ----- ---------
100  Arc                                            115       115
110  Line                                           198       198
116  Point                                           18        18
120  Surface of revolution                           59        59
123  Direction                                       36        36
124  Transformation matrix                           59        59
126  Rational B-spline curve                         12        12
186  Manifold Solid B-rep Object                      1         1
190  Plane surface entity                            18        18
314  Color definition                                 1         1
502  Vertex list                                      1         1
504  Edge entity                                      1         1
508  Loop entity                                    102       102
510  Face entity                                     77        77
514  Shell entity                                     1         1
_________________________________________________________________


=================================================================
Récapitulatif des résultats
=================================================================
Type de fonction SolidWorks                Nombre
-----------------------                -----
Fonction(s) volumique(s)                       1
Fonction(s) surfacique(s)                     0
Fonction(s) de courbe/d'esquisse                0
--------------------------------------------
Heure de début: mercredi, juillet 02, 2014 12:16:58
Heure de fin: mercredi, juillet 02, 2014 12:16:59
Durée de traitement: 0 days, 00 hours, 00 mins, 01 secs
