*****************************************************************
      SolidWorks Corporation - Compte-rendu d'état du Processeur IGES
*****************************************************************
=================================================================
Informations générales
=================================================================
Envoi de l'identification du produit système en cours  : levier.SLDPRT
Réception de l'identification du produit système en cours: levier.SLDPRT
Nom de fichier                    : F:\Travail\POLYTECH\Robotique\TP01\dossier étudiant\levier.IGS
Envoi du système en cours               : SolidWorks 2013
Version du préprocesseur         : SolidWorks 2013
Date de création du fichier           : 140702.121543
Date de création du modèle          : 140702.121543
Unités                        : MM
Echelle de l'espace modèle            : 1
Auteur                       : Lilian
Organisation                 : 


=================================================================
Informations sur le traitement des entités
=================================================================


=================================================================
Analyse de précision d'un fichier IGES:
=================================================================
  Nombre le plus répandu de chiffres significatifs:              10
  Nombre le plus grand de chiffres significatifs:                     12
  Nombre moyen de chiffres significatifs :                6.21925
  Distance maximale jusqu'à l'origine:                           1695.2
  Distance minimale jusqu'à l'origine:                                0
  Nombre effectif de chiffres significatifs:                   12


=================================================================
Récapitulatif des entités
=================================================================
-----------------------------------------------------------------
Nom de type                                         Nombre converti
---- ----                                         ----- ---------
100  Arc                                            120       120
110  Line                                           106       106
116  Point                                            6         6
120  Surface of revolution                           50        50
123  Direction                                       12        12
124  Transformation matrix                           92        92
186  Manifold Solid B-rep Object                      1         1
190  Plane surface entity                             6         6
314  Color definition                                 1         1
502  Vertex list                                      1         1
504  Edge entity                                      1         1
508  Loop entity                                     58        58
510  Face entity                                     56        56
514  Shell entity                                     1         1
_________________________________________________________________


=================================================================
Récapitulatif des résultats
=================================================================
Type de fonction SolidWorks                Nombre
-----------------------                -----
Fonction(s) volumique(s)                       1
Fonction(s) surfacique(s)                     0
Fonction(s) de courbe/d'esquisse                0
--------------------------------------------
Heure de début: mercredi, juillet 02, 2014 12:18:17
Heure de fin: mercredi, juillet 02, 2014 12:18:18
Durée de traitement: 0 days, 00 hours, 00 mins, 01 secs
